// Jest Snapshot v1, https://goo.gl/fbAQLP

exports[`<EditService/> create snapshot for EditService component 1`] = `
<section
  id="edit_section"
>
  <form
    id="edit_form"
    onSubmit={[Function]}
  >
    <fieldset>
      <header>
        <h1>
          Edit your service.
        </h1>
      </header>
      <div
        className="checkbox-grid"
      >
        <div>
          <label
            htmlFor="edit_Windows"
          >
            <input
              id="edit_Windows"
              name="Windows"
              onChange={[Function]}
              type="checkbox"
              value="20.00"
            />
            Windows
          </label>
          <label
            htmlFor="edit_Refrigerator"
          >
            <input
              id="edit_Refrigerator"
              name="Refrigerator"
              onChange={[Function]}
              type="checkbox"
              value="20.00"
            />
            Refrigerator
          </label>
          <label
            htmlFor="edit_Walls"
          >
            <input
              id="edit_Walls"
              name="Walls"
              onChange={[Function]}
              type="checkbox"
              value="30.00"
            />
            Walls
          </label>
        </div>
        <span
          id="edit_price"
        >
          $
          0.00
        </span>
      </div>
      <label
        htmlFor="edit_day"
      >
        When?
      </label>
      <div
        className="react-date-picker react-date-picker--closed react-date-picker--enabled edit_days"
        onFocus={[Function]}
      >
        <div
          className="react-date-picker__wrapper"
        >
          <div
            className="react-date-picker__inputGroup"
            onClick={[Function]}
            role="presentation"
          >
            <input
              max="275760-09-12"
              min="-271821-04-19"
              name="date"
              onChange={[Function]}
              onFocus={[Function]}
              required={true}
              style={
                Object {
                  "left": "-9999px",
                  "position": "absolute",
                  "top": "-9999px",
                  "visibility": "hidden",
                }
              }
              type="date"
              value="2019-09-28"
            />
            
            <input
              autoComplete="off"
              className="react-date-picker__inputGroup__input react-date-picker__inputGroup__month"
              max={12}
              min={1}
              name="month"
              onChange={[Function]}
              onFocus={[Function]}
              onKeyDown={[Function]}
              onKeyUp={[Function]}
              placeholder="--"
              required={true}
              type="number"
              value={9}
            />
            <span
              className="react-date-picker__inputGroup__divider"
            >
              /
            </span>
            <input
              autoComplete="off"
              className="react-date-picker__inputGroup__input react-date-picker__inputGroup__day"
              max={30}
              min={1}
              name="day"
              onChange={[Function]}
              onFocus={[Function]}
              onKeyDown={[Function]}
              onKeyUp={[Function]}
              placeholder="--"
              required={true}
              type="number"
              value={28}
            />
            <span
              className="react-date-picker__inputGroup__divider"
            >
              /
            </span>
            <input
              autoComplete="off"
              className="react-date-picker__inputGroup__input react-date-picker__inputGroup__year"
              max={275760}
              min={1000}
              name="year"
              onChange={[Function]}
              onFocus={[Function]}
              onKeyDown={[Function]}
              onKeyUp={[Function]}
              placeholder="----"
              required={true}
              step={1}
              type="number"
              value={2019}
            />
            
          </div>
          <button
            className="react-date-picker__clear-button react-date-picker__button"
            onClick={[Function]}
            onFocus={[Function]}
            type="button"
          >
            <svg
              className="react-date-picker__clear-button__icon react-date-picker__button__icon"
              height={19}
              stroke="black"
              strokeWidth={2}
              viewBox="0 0 19 19"
              width={19}
              xmlns="http://www.w3.org/2000/svg"
            >
              <line
                x1="4"
                x2="15"
                y1="4"
                y2="15"
              />
              <line
                x1="15"
                x2="4"
                y1="4"
                y2="15"
              />
            </svg>
          </button>
          <button
            className="react-date-picker__calendar-button react-date-picker__button"
            onClick={[Function]}
            onFocus={[Function]}
            type="button"
          >
            <svg
              className="react-date-picker__calendar-button__icon react-date-picker__button__icon"
              height={19}
              stroke="black"
              strokeWidth={2}
              viewBox="0 0 19 19"
              width={19}
              xmlns="http://www.w3.org/2000/svg"
            >
              <rect
                fill="none"
                height="15"
                width="15"
                x="2"
                y="2"
              />
              <line
                x1="6"
                x2="6"
                y1="0"
                y2="4"
              />
              <line
                x1="13"
                x2="13"
                y1="0"
                y2="4"
              />
            </svg>
          </button>
        </div>
      </div>
      <label
        htmlFor="edit_time"
      >
        Time:
      </label>
      <div
        className="react-time-picker react-time-picker--closed react-time-picker--enabled"
        onFocus={[Function]}
      >
        <div
          className="react-time-picker__wrapper"
        >
          <div
            className="react-time-picker__inputGroup"
            onClick={[Function]}
            role="presentation"
          >
            <input
              max={null}
              min={null}
              name="time"
              onChange={[Function]}
              onFocus={[Function]}
              step={60}
              style={
                Object {
                  "left": "-9999px",
                  "position": "absolute",
                  "top": "-9999px",
                  "visibility": "hidden",
                }
              }
              type="time"
              value=""
            />
            
            <input
              autoComplete="off"
              className="react-time-picker__inputGroup__input react-time-picker__inputGroup__hour"
              max={12}
              min={1}
              name="hour12"
              onChange={[Function]}
              onFocus={[Function]}
              onKeyDown={[Function]}
              onKeyUp={[Function]}
              placeholder="--"
              required={null}
              type="number"
              value=""
            />
            <span
              className="react-time-picker__inputGroup__divider"
            >
              :
            </span>
            <input
              autoComplete="off"
              className="react-time-picker__inputGroup__input react-time-picker__inputGroup__minute"
              max={59}
              min={0}
              name="minute"
              onChange={[Function]}
              onFocus={[Function]}
              onKeyDown={[Function]}
              onKeyUp={[Function]}
              placeholder="--"
              required={null}
              type="number"
              value=""
            />
            <span
              className="react-time-picker__inputGroup__divider"
            >
               
            </span>
            <select
              className="react-time-picker__inputGroup__input react-time-picker__inputGroup__amPm"
              name="amPm"
              onChange={[Function]}
              required={null}
              value=""
            >
              <option
                value=""
              >
                --
              </option>
              <option
                value="am"
              >
                AM
              </option>
              <option
                value="pm"
              >
                PM
              </option>
            </select>
            
          </div>
          <button
            className="react-time-picker__clear-button react-time-picker__button"
            onClick={[Function]}
            onFocus={[Function]}
            type="button"
          >
            <svg
              className="react-time-picker__clear-button__icon react-time-picker__button__icon"
              height={19}
              stroke="black"
              strokeWidth={2}
              viewBox="0 0 19 19"
              width={19}
              xmlns="http://www.w3.org/2000/svg"
            >
              <line
                x1="4"
                x2="15"
                y1="4"
                y2="15"
              />
              <line
                x1="15"
                x2="4"
                y1="4"
                y2="15"
              />
            </svg>
          </button>
        </div>
      </div>
      <label
        htmlFor="edit_comments"
      >
        Comments ?
      </label>
      <textarea
        id="edit_comments"
        onChange={[Function]}
        placeholder="Any special request?"
        value=""
      />
      <button
        id="edit_submit"
        type="submit"
      >
        Go
      </button>
    </fieldset>
  </form>
</section>
`;
