// Jest Snapshot v1, https://goo.gl/fbAQLP

exports[`<User/> create snapshot for User component 1`] = `
<section
  id="user_section"
>
  <h1
    style={
      Object {
        "color": "black",
      }
    }
  >
    Hello 
    <span
      style={
        Object {
          "color": "rgb(253, 127, 169)",
        }
      }
    >
      
    </span>
  </h1>
  <div>
    <a
      className="User-Link"
      href="/user/services"
      onClick={[Function]}
    >
      My Services
    </a>
    <a
      className="User-Link"
      href="/user/newservice"
      onClick={[Function]}
    >
      Arrange Clean Up
    </a>
  </div>
</section>
`;
